*** Starting uWSGI 2.0.15 (64bit) on [Thu Nov 30 16:54:13 2017] ***
compiled with version: 4.8.5 20150623 (Red Hat 4.8.5-16) on 27 November 2017 21:35:10
os: Linux-3.10.0-514.21.1.el7.x86_64 #1 SMP Thu May 25 17:04:51 UTC 2017
nodename: VM_35_143_centos
machine: x86_64
clock source: unix
pcre jit disabled
detected number of CPU cores: 1
current working directory: /root/projects/NewsCollect
detected binary path: /usr/bin/uwsgi
uWSGI running as root, you can use --uid/--gid/--chroot options
*** WARNING: you are running uWSGI as root !!! (use the --uid flag) *** 
your processes number limit is 3898
your memory page size is 4096 bytes
detected max file descriptor number: 100001
lock engine: pthread robust mutexes
thunder lock: disabled (you can enable it with --thunder-lock)
uwsgi socket 0 bound to TCP address 0.0.0.0:88 fd 3
Python version: 2.7.5 (default, Aug  4 2017, 00:39:18)  [GCC 4.8.5 20150623 (Red Hat 4.8.5-16)]
*** Python threads support is disabled. You can enable it with --enable-threads ***
Python main interpreter initialized at 0x200c3f0
your server socket listen backlog is limited to 100 connections
your mercy for graceful operations on workers is 60 seconds
mapped 145520 bytes (142 KB) for 1 cores
*** Operational MODE: single process ***
/usr/lib/python2.7/site-packages/flask_sqlalchemy/__init__.py:794: FSADeprecationWarning: SQLALCHEMY_TRACK_MODIFICATIONS adds significant overhead and will be disabled by default in the future.  Set it to True or False to suppress this warning.
  'SQLALCHEMY_TRACK_MODIFICATIONS adds significant overhead and '
/usr/lib/python2.7/site-packages/flask_sqlalchemy/__init__.py:794: FSADeprecationWarning: SQLALCHEMY_TRACK_MODIFICATIONS adds significant overhead and will be disabled by default in the future.  Set it to True or False to suppress this warning.
  'SQLALCHEMY_TRACK_MODIFICATIONS adds significant overhead and '
WSGI app 0 (mountpoint='') ready in 0 seconds on interpreter 0x200c3f0 pid: 3814 (default app)
*** uWSGI is running in multiple interpreter mode ***
spawned uWSGI master process (pid: 3814)
spawned uWSGI worker 1 (pid: 3819, cores: 1)
SIGINT/SIGQUIT received...killing workers...
worker 1 buried after 1 seconds
goodbye to uWSGI.
*** Starting uWSGI 2.0.15 (64bit) on [Thu Nov 30 16:55:50 2017] ***
compiled with version: 4.8.5 20150623 (Red Hat 4.8.5-16) on 27 November 2017 21:35:10
os: Linux-3.10.0-514.21.1.el7.x86_64 #1 SMP Thu May 25 17:04:51 UTC 2017
nodename: VM_35_143_centos
machine: x86_64
clock source: unix
pcre jit disabled
detected number of CPU cores: 1
current working directory: /root/projects/NewsCollect
detected binary path: /usr/bin/uwsgi
uWSGI running as root, you can use --uid/--gid/--chroot options
*** WARNING: you are running uWSGI as root !!! (use the --uid flag) *** 
your processes number limit is 3898
your memory page size is 4096 bytes
detected max file descriptor number: 100001
lock engine: pthread robust mutexes
thunder lock: disabled (you can enable it with --thunder-lock)
uwsgi socket 0 bound to TCP address 0.0.0.0:88 fd 3
Python version: 2.7.5 (default, Aug  4 2017, 00:39:18)  [GCC 4.8.5 20150623 (Red Hat 4.8.5-16)]
*** Python threads support is disabled. You can enable it with --enable-threads ***
Python main interpreter initialized at 0xda23f0
your server socket listen backlog is limited to 100 connections
your mercy for graceful operations on workers is 60 seconds
mapped 145520 bytes (142 KB) for 1 cores
*** Operational MODE: single process ***
/usr/lib/python2.7/site-packages/flask_sqlalchemy/__init__.py:794: FSADeprecationWarning: SQLALCHEMY_TRACK_MODIFICATIONS adds significant overhead and will be disabled by default in the future.  Set it to True or False to suppress this warning.
  'SQLALCHEMY_TRACK_MODIFICATIONS adds significant overhead and '
/usr/lib/python2.7/site-packages/flask_sqlalchemy/__init__.py:794: FSADeprecationWarning: SQLALCHEMY_TRACK_MODIFICATIONS adds significant overhead and will be disabled by default in the future.  Set it to True or False to suppress this warning.
  'SQLALCHEMY_TRACK_MODIFICATIONS adds significant overhead and '
WSGI app 0 (mountpoint='') ready in 0 seconds on interpreter 0xda23f0 pid: 3933 (default app)
*** uWSGI is running in multiple interpreter mode ***
spawned uWSGI master process (pid: 3933)
spawned uWSGI worker 1 (pid: 3938, cores: 1)
SIGINT/SIGQUIT received...killing workers...
worker 1 buried after 1 seconds
goodbye to uWSGI.
*** Starting uWSGI 2.0.15 (64bit) on [Thu Nov 30 16:59:30 2017] ***
compiled with version: 4.8.5 20150623 (Red Hat 4.8.5-16) on 27 November 2017 21:35:10
os: Linux-3.10.0-514.21.1.el7.x86_64 #1 SMP Thu May 25 17:04:51 UTC 2017
nodename: VM_35_143_centos
machine: x86_64
clock source: unix
pcre jit disabled
detected number of CPU cores: 1
current working directory: /root/projects/NewsCollect
detected binary path: /usr/bin/uwsgi
uWSGI running as root, you can use --uid/--gid/--chroot options
*** WARNING: you are running uWSGI as root !!! (use the --uid flag) *** 
your processes number limit is 3898
your memory page size is 4096 bytes
detected max file descriptor number: 100001
lock engine: pthread robust mutexes
thunder lock: disabled (you can enable it with --thunder-lock)
uwsgi socket 0 bound to TCP address 0.0.0.0:88 fd 3
Python version: 2.7.5 (default, Aug  4 2017, 00:39:18)  [GCC 4.8.5 20150623 (Red Hat 4.8.5-16)]
*** Python threads support is disabled. You can enable it with --enable-threads ***
Python main interpreter initialized at 0x14233f0
your server socket listen backlog is limited to 100 connections
your mercy for graceful operations on workers is 60 seconds
mapped 145520 bytes (142 KB) for 1 cores
*** Operational MODE: single process ***
/usr/lib/python2.7/site-packages/flask_sqlalchemy/__init__.py:794: FSADeprecationWarning: SQLALCHEMY_TRACK_MODIFICATIONS adds significant overhead and will be disabled by default in the future.  Set it to True or False to suppress this warning.
  'SQLALCHEMY_TRACK_MODIFICATIONS adds significant overhead and '
/usr/lib/python2.7/site-packages/flask_sqlalchemy/__init__.py:794: FSADeprecationWarning: SQLALCHEMY_TRACK_MODIFICATIONS adds significant overhead and will be disabled by default in the future.  Set it to True or False to suppress this warning.
  'SQLALCHEMY_TRACK_MODIFICATIONS adds significant overhead and '
WSGI app 0 (mountpoint='') ready in 0 seconds on interpreter 0x14233f0 pid: 4245 (default app)
*** uWSGI is running in multiple interpreter mode ***
spawned uWSGI master process (pid: 4245)
spawned uWSGI worker 1 (pid: 4250, cores: 1)
Thu Nov 30 16:59:55 2017 - *** /root/projects/NewsCollect/ has been touched... grace them all !!! ***
...gracefully killing workers...
Gracefully killing worker 1 (pid: 4250)...
worker 1 buried after 1 seconds
binary reloading uWSGI...
chdir() to /root/projects/NewsCollect
closing all non-uwsgi socket fds > 2 (max_fd = 100001)...
found fd 3 mapped to socket 0 (0.0.0.0:88)
running /usr/bin/uwsgi
[uWSGI] getting INI configuration from uwsgi.ini
*** Starting uWSGI 2.0.15 (64bit) on [Thu Nov 30 16:59:56 2017] ***
compiled with version: 4.8.5 20150623 (Red Hat 4.8.5-16) on 27 November 2017 21:35:10
os: Linux-3.10.0-514.21.1.el7.x86_64 #1 SMP Thu May 25 17:04:51 UTC 2017
nodename: VM_35_143_centos
machine: x86_64
clock source: unix
pcre jit disabled
detected number of CPU cores: 1
current working directory: /root/projects/NewsCollect
detected binary path: /usr/bin/uwsgi
uWSGI running as root, you can use --uid/--gid/--chroot options
*** WARNING: you are running uWSGI as root !!! (use the --uid flag) *** 
your processes number limit is 3898
your memory page size is 4096 bytes
detected max file descriptor number: 100001
lock engine: pthread robust mutexes
thunder lock: disabled (you can enable it with --thunder-lock)
uwsgi socket 0 inherited INET address 0.0.0.0:88 fd 3
Python version: 2.7.5 (default, Aug  4 2017, 00:39:18)  [GCC 4.8.5 20150623 (Red Hat 4.8.5-16)]
*** Python threads support is disabled. You can enable it with --enable-threads ***
Python main interpreter initialized at 0x14e0ef0
your server socket listen backlog is limited to 100 connections
your mercy for graceful operations on workers is 60 seconds
mapped 145520 bytes (142 KB) for 1 cores
*** Operational MODE: single process ***
/usr/lib/python2.7/site-packages/flask_sqlalchemy/__init__.py:794: FSADeprecationWarning: SQLALCHEMY_TRACK_MODIFICATIONS adds significant overhead and will be disabled by default in the future.  Set it to True or False to suppress this warning.
  'SQLALCHEMY_TRACK_MODIFICATIONS adds significant overhead and '
/usr/lib/python2.7/site-packages/flask_sqlalchemy/__init__.py:794: FSADeprecationWarning: SQLALCHEMY_TRACK_MODIFICATIONS adds significant overhead and will be disabled by default in the future.  Set it to True or False to suppress this warning.
  'SQLALCHEMY_TRACK_MODIFICATIONS adds significant overhead and '
WSGI app 0 (mountpoint='') ready in 0 seconds on interpreter 0x14e0ef0 pid: 4245 (default app)
*** uWSGI is running in multiple interpreter mode ***
gracefully (RE)spawned uWSGI master process (pid: 4245)
spawned uWSGI worker 1 (pid: 4278, cores: 1)
[pid: 4278|app: 0|req: 1/1] 183.160.161.113 () {32 vars in 614 bytes} [Thu Nov 30 17:00:43 2017] GET /api/news/hfut => generated 95020 bytes in 206 msecs (HTTP/1.1 200) 2 headers in 74 bytes (3 switches on core 0)
[pid: 4278|app: 0|req: 2/2] 183.160.161.113 () {34 vars in 645 bytes} [Thu Nov 30 17:00:58 2017] GET /api/news/hfut => generated 95020 bytes in 101 msecs (HTTP/1.1 200) 2 headers in 74 bytes (3 switches on core 0)
Thu Nov 30 17:01:05 2017 - *** /root/projects/NewsCollect/ has been touched... grace them all !!! ***
...gracefully killing workers...
Gracefully killing worker 1 (pid: 4278)...
worker 1 buried after 1 seconds
binary reloading uWSGI...
chdir() to /root/projects/NewsCollect
closing all non-uwsgi socket fds > 2 (max_fd = 100001)...
found fd 3 mapped to socket 0 (0.0.0.0:88)
running /usr/bin/uwsgi
[uWSGI] getting INI configuration from uwsgi.ini
*** Starting uWSGI 2.0.15 (64bit) on [Thu Nov 30 17:01:06 2017] ***
compiled with version: 4.8.5 20150623 (Red Hat 4.8.5-16) on 27 November 2017 21:35:10
os: Linux-3.10.0-514.21.1.el7.x86_64 #1 SMP Thu May 25 17:04:51 UTC 2017
nodename: VM_35_143_centos
machine: x86_64
clock source: unix
pcre jit disabled
detected number of CPU cores: 1
current working directory: /root/projects/NewsCollect
detected binary path: /usr/bin/uwsgi
uWSGI running as root, you can use --uid/--gid/--chroot options
*** WARNING: you are running uWSGI as root !!! (use the --uid flag) *** 
your processes number limit is 3898
your memory page size is 4096 bytes
detected max file descriptor number: 100001
lock engine: pthread robust mutexes
thunder lock: disabled (you can enable it with --thunder-lock)
uwsgi socket 0 inherited INET address 0.0.0.0:88 fd 3
Python version: 2.7.5 (default, Aug  4 2017, 00:39:18)  [GCC 4.8.5 20150623 (Red Hat 4.8.5-16)]
*** Python threads support is disabled. You can enable it with --enable-threads ***
Python main interpreter initialized at 0xc73ef0
your server socket listen backlog is limited to 100 connections
your mercy for graceful operations on workers is 60 seconds
mapped 145520 bytes (142 KB) for 1 cores
*** Operational MODE: single process ***
/usr/lib/python2.7/site-packages/flask_sqlalchemy/__init__.py:794: FSADeprecationWarning: SQLALCHEMY_TRACK_MODIFICATIONS adds significant overhead and will be disabled by default in the future.  Set it to True or False to suppress this warning.
  'SQLALCHEMY_TRACK_MODIFICATIONS adds significant overhead and '
/usr/lib/python2.7/site-packages/flask_sqlalchemy/__init__.py:794: FSADeprecationWarning: SQLALCHEMY_TRACK_MODIFICATIONS adds significant overhead and will be disabled by default in the future.  Set it to True or False to suppress this warning.
  'SQLALCHEMY_TRACK_MODIFICATIONS adds significant overhead and '
WSGI app 0 (mountpoint='') ready in 0 seconds on interpreter 0xc73ef0 pid: 4245 (default app)
*** uWSGI is running in multiple interpreter mode ***
gracefully (RE)spawned uWSGI master process (pid: 4245)
spawned uWSGI worker 1 (pid: 4442, cores: 1)
[pid: 4442|app: 0|req: 1/1] 183.160.161.113 () {34 vars in 645 bytes} [Thu Nov 30 17:01:21 2017] GET /api/news/hfut => generated 95020 bytes in 126 msecs (HTTP/1.1 200) 2 headers in 74 bytes (3 switches on core 0)
Thu Nov 30 17:01:29 2017 - *** /root/projects/NewsCollect/ has been touched... grace them all !!! ***
...gracefully killing workers...
Gracefully killing worker 1 (pid: 4442)...
worker 1 buried after 1 seconds
binary reloading uWSGI...
chdir() to /root/projects/NewsCollect
closing all non-uwsgi socket fds > 2 (max_fd = 100001)...
found fd 3 mapped to socket 0 (0.0.0.0:88)
running /usr/bin/uwsgi
[uWSGI] getting INI configuration from uwsgi.ini
*** Starting uWSGI 2.0.15 (64bit) on [Thu Nov 30 17:01:30 2017] ***
compiled with version: 4.8.5 20150623 (Red Hat 4.8.5-16) on 27 November 2017 21:35:10
os: Linux-3.10.0-514.21.1.el7.x86_64 #1 SMP Thu May 25 17:04:51 UTC 2017
nodename: VM_35_143_centos
machine: x86_64
clock source: unix
pcre jit disabled
detected number of CPU cores: 1
current working directory: /root/projects/NewsCollect
detected binary path: /usr/bin/uwsgi
uWSGI running as root, you can use --uid/--gid/--chroot options
*** WARNING: you are running uWSGI as root !!! (use the --uid flag) *** 
your processes number limit is 3898
your memory page size is 4096 bytes
detected max file descriptor number: 100001
lock engine: pthread robust mutexes
thunder lock: disabled (you can enable it with --thunder-lock)
uwsgi socket 0 inherited INET address 0.0.0.0:88 fd 3
Python version: 2.7.5 (default, Aug  4 2017, 00:39:18)  [GCC 4.8.5 20150623 (Red Hat 4.8.5-16)]
*** Python threads support is disabled. You can enable it with --enable-threads ***
Python main interpreter initialized at 0xe85ef0
your server socket listen backlog is limited to 100 connections
your mercy for graceful operations on workers is 60 seconds
mapped 145520 bytes (142 KB) for 1 cores
*** Operational MODE: single process ***
/usr/lib/python2.7/site-packages/flask_sqlalchemy/__init__.py:794: FSADeprecationWarning: SQLALCHEMY_TRACK_MODIFICATIONS adds significant overhead and will be disabled by default in the future.  Set it to True or False to suppress this warning.
  'SQLALCHEMY_TRACK_MODIFICATIONS adds significant overhead and '
/usr/lib/python2.7/site-packages/flask_sqlalchemy/__init__.py:794: FSADeprecationWarning: SQLALCHEMY_TRACK_MODIFICATIONS adds significant overhead and will be disabled by default in the future.  Set it to True or False to suppress this warning.
  'SQLALCHEMY_TRACK_MODIFICATIONS adds significant overhead and '
WSGI app 0 (mountpoint='') ready in 0 seconds on interpreter 0xe85ef0 pid: 4245 (default app)
*** uWSGI is running in multiple interpreter mode ***
gracefully (RE)spawned uWSGI master process (pid: 4245)
spawned uWSGI worker 1 (pid: 4462, cores: 1)
Thu Nov 30 17:01:49 2017 - *** /root/projects/NewsCollect/ has been touched... grace them all !!! ***
...gracefully killing workers...
Gracefully killing worker 1 (pid: 4462)...
worker 1 buried after 1 seconds
binary reloading uWSGI...
chdir() to /root/projects/NewsCollect
closing all non-uwsgi socket fds > 2 (max_fd = 100001)...
found fd 3 mapped to socket 0 (0.0.0.0:88)
running /usr/bin/uwsgi
[uWSGI] getting INI configuration from uwsgi.ini
*** Starting uWSGI 2.0.15 (64bit) on [Thu Nov 30 17:01:50 2017] ***
compiled with version: 4.8.5 20150623 (Red Hat 4.8.5-16) on 27 November 2017 21:35:10
os: Linux-3.10.0-514.21.1.el7.x86_64 #1 SMP Thu May 25 17:04:51 UTC 2017
nodename: VM_35_143_centos
machine: x86_64
clock source: unix
pcre jit disabled
detected number of CPU cores: 1
current working directory: /root/projects/NewsCollect
detected binary path: /usr/bin/uwsgi
uWSGI running as root, you can use --uid/--gid/--chroot options
*** WARNING: you are running uWSGI as root !!! (use the --uid flag) *** 
your processes number limit is 3898
your memory page size is 4096 bytes
detected max file descriptor number: 100001
lock engine: pthread robust mutexes
thunder lock: disabled (you can enable it with --thunder-lock)
uwsgi socket 0 inherited INET address 0.0.0.0:88 fd 3
Python version: 2.7.5 (default, Aug  4 2017, 00:39:18)  [GCC 4.8.5 20150623 (Red Hat 4.8.5-16)]
*** Python threads support is disabled. You can enable it with --enable-threads ***
Python main interpreter initialized at 0xc52ef0
your server socket listen backlog is limited to 100 connections
your mercy for graceful operations on workers is 60 seconds
mapped 145520 bytes (142 KB) for 1 cores
*** Operational MODE: single process ***
/usr/lib/python2.7/site-packages/flask_sqlalchemy/__init__.py:794: FSADeprecationWarning: SQLALCHEMY_TRACK_MODIFICATIONS adds significant overhead and will be disabled by default in the future.  Set it to True or False to suppress this warning.
  'SQLALCHEMY_TRACK_MODIFICATIONS adds significant overhead and '
/usr/lib/python2.7/site-packages/flask_sqlalchemy/__init__.py:794: FSADeprecationWarning: SQLALCHEMY_TRACK_MODIFICATIONS adds significant overhead and will be disabled by default in the future.  Set it to True or False to suppress this warning.
  'SQLALCHEMY_TRACK_MODIFICATIONS adds significant overhead and '
WSGI app 0 (mountpoint='') ready in 1 seconds on interpreter 0xc52ef0 pid: 4245 (default app)
*** uWSGI is running in multiple interpreter mode ***
gracefully (RE)spawned uWSGI master process (pid: 4245)
spawned uWSGI worker 1 (pid: 4478, cores: 1)
uwsgi_proto_http_parser() -> client closed connection
Thu Nov 30 17:02:08 2017 - *** /root/projects/NewsCollect/ has been touched... grace them all !!! ***
...gracefully killing workers...
Gracefully killing worker 1 (pid: 4478)...
uwsgi_simple_wait_read_hook()/poll(): Interrupted system call [core/reader.c line 21]
worker 1 buried after 1 seconds
binary reloading uWSGI...
chdir() to /root/projects/NewsCollect
closing all non-uwsgi socket fds > 2 (max_fd = 100001)...
found fd 3 mapped to socket 0 (0.0.0.0:88)
running /usr/bin/uwsgi
[uWSGI] getting INI configuration from uwsgi.ini
*** Starting uWSGI 2.0.15 (64bit) on [Thu Nov 30 17:02:09 2017] ***
compiled with version: 4.8.5 20150623 (Red Hat 4.8.5-16) on 27 November 2017 21:35:10
os: Linux-3.10.0-514.21.1.el7.x86_64 #1 SMP Thu May 25 17:04:51 UTC 2017
nodename: VM_35_143_centos
machine: x86_64
clock source: unix
pcre jit disabled
detected number of CPU cores: 1
current working directory: /root/projects/NewsCollect
detected binary path: /usr/bin/uwsgi
uWSGI running as root, you can use --uid/--gid/--chroot options
*** WARNING: you are running uWSGI as root !!! (use the --uid flag) *** 
your processes number limit is 3898
your memory page size is 4096 bytes
detected max file descriptor number: 100001
lock engine: pthread robust mutexes
thunder lock: disabled (you can enable it with --thunder-lock)
uwsgi socket 0 inherited INET address 0.0.0.0:88 fd 3
Python version: 2.7.5 (default, Aug  4 2017, 00:39:18)  [GCC 4.8.5 20150623 (Red Hat 4.8.5-16)]
*** Python threads support is disabled. You can enable it with --enable-threads ***
Python main interpreter initialized at 0x1502ef0
your server socket listen backlog is limited to 100 connections
your mercy for graceful operations on workers is 60 seconds
mapped 145520 bytes (142 KB) for 1 cores
*** Operational MODE: single process ***
/usr/lib/python2.7/site-packages/flask_sqlalchemy/__init__.py:794: FSADeprecationWarning: SQLALCHEMY_TRACK_MODIFICATIONS adds significant overhead and will be disabled by default in the future.  Set it to True or False to suppress this warning.
  'SQLALCHEMY_TRACK_MODIFICATIONS adds significant overhead and '
/usr/lib/python2.7/site-packages/flask_sqlalchemy/__init__.py:794: FSADeprecationWarning: SQLALCHEMY_TRACK_MODIFICATIONS adds significant overhead and will be disabled by default in the future.  Set it to True or False to suppress this warning.
  'SQLALCHEMY_TRACK_MODIFICATIONS adds significant overhead and '
WSGI app 0 (mountpoint='') ready in 0 seconds on interpreter 0x1502ef0 pid: 4245 (default app)
*** uWSGI is running in multiple interpreter mode ***
gracefully (RE)spawned uWSGI master process (pid: 4245)
spawned uWSGI worker 1 (pid: 4541, cores: 1)
uwsgi_proto_http_parser() -> client closed connection
[pid: 4541|app: 0|req: 1/1] 183.160.161.113 () {32 vars in 614 bytes} [Thu Nov 30 17:46:59 2017] GET /api/news/hfut => generated 95020 bytes in 120 msecs (HTTP/1.1 200) 2 headers in 74 bytes (3 switches on core 0)
[pid: 4541|app: 0|req: 2/2] 183.160.161.113 () {32 vars in 581 bytes} [Thu Nov 30 17:47:00 2017] GET /favicon.ico => generated 233 bytes in 12 msecs (HTTP/1.1 404) 2 headers in 72 bytes (1 switches on core 0)
--------------------------------------------------------------------------------
DEBUG in api [./webapp/api_0_8/api.py:27]:
<flask.blueprints.Blueprint object at 0x1d48610>
--------------------------------------------------------------------------------
[pid: 4541|app: 0|req: 3/3] 183.160.161.113 () {32 vars in 614 bytes} [Thu Nov 30 17:47:09 2017] GET /api/unit_list => generated 1736 bytes in 2 msecs (HTTP/1.1 200) 2 headers in 73 bytes (2 switches on core 0)
[pid: 4541|app: 0|req: 4/4] 183.160.161.113 () {32 vars in 604 bytes} [Thu Nov 30 18:05:30 2017] GET /api/hfut => generated 233 bytes in 0 msecs (HTTP/1.1 404) 2 headers in 72 bytes (1 switches on core 0)
[pid: 4541|app: 0|req: 5/5] 183.160.161.113 () {32 vars in 614 bytes} [Thu Nov 30 18:05:38 2017] GET /api/news/hfut => generated 95020 bytes in 322 msecs (HTTP/1.1 200) 2 headers in 74 bytes (4 switches on core 0)
Thu Nov 30 19:14:00 2017 - *** /root/projects/NewsCollect/ has been touched... grace them all !!! ***
...gracefully killing workers...
Gracefully killing worker 1 (pid: 4541)...
worker 1 buried after 1 seconds
binary reloading uWSGI...
chdir() to /root/projects/NewsCollect
closing all non-uwsgi socket fds > 2 (max_fd = 100001)...
found fd 3 mapped to socket 0 (0.0.0.0:88)
running /usr/bin/uwsgi
[uWSGI] getting INI configuration from uwsgi.ini
*** Starting uWSGI 2.0.15 (64bit) on [Thu Nov 30 19:14:01 2017] ***
compiled with version: 4.8.5 20150623 (Red Hat 4.8.5-16) on 27 November 2017 21:35:10
os: Linux-3.10.0-514.21.1.el7.x86_64 #1 SMP Thu May 25 17:04:51 UTC 2017
nodename: VM_35_143_centos
machine: x86_64
clock source: unix
pcre jit disabled
detected number of CPU cores: 1
current working directory: /root/projects/NewsCollect
detected binary path: /usr/bin/uwsgi
uWSGI running as root, you can use --uid/--gid/--chroot options
*** WARNING: you are running uWSGI as root !!! (use the --uid flag) *** 
your processes number limit is 3898
your memory page size is 4096 bytes
detected max file descriptor number: 100001
lock engine: pthread robust mutexes
thunder lock: disabled (you can enable it with --thunder-lock)
uwsgi socket 0 inherited INET address 0.0.0.0:88 fd 3
Python version: 2.7.5 (default, Aug  4 2017, 00:39:18)  [GCC 4.8.5 20150623 (Red Hat 4.8.5-16)]
*** Python threads support is disabled. You can enable it with --enable-threads ***
Python main interpreter initialized at 0x93eef0
your server socket listen backlog is limited to 100 connections
your mercy for graceful operations on workers is 60 seconds
mapped 145520 bytes (142 KB) for 1 cores
*** Operational MODE: single process ***
/usr/lib/python2.7/site-packages/flask_sqlalchemy/__init__.py:794: FSADeprecationWarning: SQLALCHEMY_TRACK_MODIFICATIONS adds significant overhead and will be disabled by default in the future.  Set it to True or False to suppress this warning.
  'SQLALCHEMY_TRACK_MODIFICATIONS adds significant overhead and '
/usr/lib/python2.7/site-packages/flask_sqlalchemy/__init__.py:794: FSADeprecationWarning: SQLALCHEMY_TRACK_MODIFICATIONS adds significant overhead and will be disabled by default in the future.  Set it to True or False to suppress this warning.
  'SQLALCHEMY_TRACK_MODIFICATIONS adds significant overhead and '
WSGI app 0 (mountpoint='') ready in 1 seconds on interpreter 0x93eef0 pid: 4245 (default app)
*** uWSGI is running in multiple interpreter mode ***
gracefully (RE)spawned uWSGI master process (pid: 4245)
spawned uWSGI worker 1 (pid: 15418, cores: 1)
[pid: 15418|app: 0|req: 1/1] 101.226.64.174 () {30 vars in 547 bytes} [Thu Nov 30 22:01:24 2017] GET /api/hfut => generated 233 bytes in 16 msecs (HTTP/1.1 404) 2 headers in 72 bytes (1 switches on core 0)
--------------------------------------------------------------------------------
DEBUG in view [./webapp/index/view.py:8]:
<flask.blueprints.Blueprint object at 0x1cc0590>
--------------------------------------------------------------------------------
Traceback (most recent call last):
  File "/usr/lib/python2.7/site-packages/flask/app.py", line 1997, in __call__
    return self.wsgi_app(environ, start_response)
  File "/usr/lib/python2.7/site-packages/flask/app.py", line 1985, in wsgi_app
    response = self.handle_exception(e)
  File "/usr/lib/python2.7/site-packages/flask/app.py", line 1540, in handle_exception
    reraise(exc_type, exc_value, tb)
  File "/usr/lib/python2.7/site-packages/flask/app.py", line 1982, in wsgi_app
    response = self.full_dispatch_request()
  File "/usr/lib/python2.7/site-packages/flask/app.py", line 1614, in full_dispatch_request
    rv = self.handle_user_exception(e)
  File "/usr/lib/python2.7/site-packages/flask/app.py", line 1517, in handle_user_exception
    reraise(exc_type, exc_value, tb)
  File "/usr/lib/python2.7/site-packages/flask/app.py", line 1612, in full_dispatch_request
    rv = self.dispatch_request()
  File "/usr/lib/python2.7/site-packages/flask/app.py", line 1598, in dispatch_request
    return self.view_functions[rule.endpoint](**req.view_args)
  File "./webapp/index/view.py", line 9, in index
    return main.send_static_file('index.html')
  File "/usr/lib/python2.7/site-packages/flask/helpers.py", line 923, in send_static_file
    raise RuntimeError('No static folder for this object')
RuntimeError: No static folder for this object
[pid: 15418|app: 0|req: 2/2] 183.57.54.43 () {18 vars in 184 bytes} [Fri Dec  1 10:24:46 2017] GET / => generated 0 bytes in 5 msecs (HTTP/1.0 500) 0 headers in 0 bytes (0 switches on core 0)
uwsgi_proto_http_parser() -> client closed connection
[pid: 15418|app: 0|req: 3/3] 183.57.54.43 () {18 vars in 246 bytes} [Fri Dec  1 10:24:55 2017] GET /nice%20ports%2C/Tri%6Eity.txt%2ebak => generated 233 bytes in 0 msecs (HTTP/1.0 404) 2 headers in 72 bytes (1 switches on core 0)
Traceback (most recent call last):
  File "/usr/lib/python2.7/site-packages/flask/app.py", line 1997, in __call__
    return self.wsgi_app(environ, start_response)
  File "/usr/lib/python2.7/site-packages/flask/app.py", line 1977, in wsgi_app
    ctx = self.request_context(environ)
  File "/usr/lib/python2.7/site-packages/flask/app.py", line 1938, in request_context
    return RequestContext(self, environ)
  File "/usr/lib/python2.7/site-packages/flask/ctx.py", line 242, in __init__
    self.url_adapter = app.create_url_adapter(self.request)
  File "/usr/lib/python2.7/site-packages/flask/app.py", line 1765, in create_url_adapter
    server_name=self.config['SERVER_NAME'])
  File "/usr/lib/python2.7/site-packages/werkzeug/routing.py", line 1336, in bind_to_environ
    environ['REQUEST_METHOD'], path_info,
KeyError: 'REQUEST_METHOD'
[pid: 15418|app: 0|req: 4/4] 183.57.54.43 () {8 vars in 90 bytes} [Fri Dec  1 10:24:59 2017]   => generated 0 bytes in 1 msecs ( 500) 0 headers in 0 bytes (0 switches on core 0)
uwsgi_proto_http_parser() -> client closed connection
--------------------------------------------------------------------------------
DEBUG in api [./webapp/api_0_8/api.py:27]:
<flask.blueprints.Blueprint object at 0x1184610>
--------------------------------------------------------------------------------
[pid: 15418|app: 0|req: 5/5] 183.160.163.192 () {30 vars in 550 bytes} [Fri Dec  1 12:37:03 2017] GET /api/unit_list?callback=_jsonpm339trmjain => generated 1736 bytes in 1 msecs (HTTP/1.1 200) 2 headers in 73 bytes (2 switches on core 0)
Fri Dec  1 12:44:45 2017 - *** /root/projects/NewsCollect/ has been touched... grace them all !!! ***
...gracefully killing workers...
Gracefully killing worker 1 (pid: 15418)...
worker 1 buried after 1 seconds
binary reloading uWSGI...
chdir() to /root/projects/NewsCollect
closing all non-uwsgi socket fds > 2 (max_fd = 100001)...
found fd 3 mapped to socket 0 (0.0.0.0:88)
running /usr/bin/uwsgi
[uWSGI] getting INI configuration from uwsgi.ini
*** Starting uWSGI 2.0.15 (64bit) on [Fri Dec  1 12:44:46 2017] ***
compiled with version: 4.8.5 20150623 (Red Hat 4.8.5-16) on 27 November 2017 21:35:10
os: Linux-3.10.0-514.21.1.el7.x86_64 #1 SMP Thu May 25 17:04:51 UTC 2017
nodename: VM_35_143_centos
machine: x86_64
clock source: unix
pcre jit disabled
detected number of CPU cores: 1
current working directory: /root/projects/NewsCollect
detected binary path: /usr/bin/uwsgi
uWSGI running as root, you can use --uid/--gid/--chroot options
*** WARNING: you are running uWSGI as root !!! (use the --uid flag) *** 
your processes number limit is 3898
your memory page size is 4096 bytes
detected max file descriptor number: 100001
lock engine: pthread robust mutexes
thunder lock: disabled (you can enable it with --thunder-lock)
uwsgi socket 0 inherited INET address 0.0.0.0:88 fd 3
Python version: 2.7.5 (default, Aug  4 2017, 00:39:18)  [GCC 4.8.5 20150623 (Red Hat 4.8.5-16)]
*** Python threads support is disabled. You can enable it with --enable-threads ***
Python main interpreter initialized at 0x13c4ef0
your server socket listen backlog is limited to 100 connections
your mercy for graceful operations on workers is 60 seconds
mapped 145520 bytes (142 KB) for 1 cores
*** Operational MODE: single process ***
/usr/lib/python2.7/site-packages/flask_sqlalchemy/__init__.py:794: FSADeprecationWarning: SQLALCHEMY_TRACK_MODIFICATIONS adds significant overhead and will be disabled by default in the future.  Set it to True or False to suppress this warning.
  'SQLALCHEMY_TRACK_MODIFICATIONS adds significant overhead and '
/usr/lib/python2.7/site-packages/flask_sqlalchemy/__init__.py:794: FSADeprecationWarning: SQLALCHEMY_TRACK_MODIFICATIONS adds significant overhead and will be disabled by default in the future.  Set it to True or False to suppress this warning.
  'SQLALCHEMY_TRACK_MODIFICATIONS adds significant overhead and '
WSGI app 0 (mountpoint='') ready in 0 seconds on interpreter 0x13c4ef0 pid: 4245 (default app)
*** uWSGI is running in multiple interpreter mode ***
gracefully (RE)spawned uWSGI master process (pid: 4245)
spawned uWSGI worker 1 (pid: 1732, cores: 1)
Fri Dec  1 12:45:00 2017 - *** /root/projects/NewsCollect/ has been touched... grace them all !!! ***
...gracefully killing workers...
Gracefully killing worker 1 (pid: 1732)...
worker 1 buried after 1 seconds
binary reloading uWSGI...
chdir() to /root/projects/NewsCollect
closing all non-uwsgi socket fds > 2 (max_fd = 100001)...
found fd 3 mapped to socket 0 (0.0.0.0:88)
running /usr/bin/uwsgi
[uWSGI] getting INI configuration from uwsgi.ini
*** Starting uWSGI 2.0.15 (64bit) on [Fri Dec  1 12:45:01 2017] ***
compiled with version: 4.8.5 20150623 (Red Hat 4.8.5-16) on 27 November 2017 21:35:10
os: Linux-3.10.0-514.21.1.el7.x86_64 #1 SMP Thu May 25 17:04:51 UTC 2017
nodename: VM_35_143_centos
machine: x86_64
clock source: unix
pcre jit disabled
detected number of CPU cores: 1
current working directory: /root/projects/NewsCollect
detected binary path: /usr/bin/uwsgi
uWSGI running as root, you can use --uid/--gid/--chroot options
*** WARNING: you are running uWSGI as root !!! (use the --uid flag) *** 
your processes number limit is 3898
your memory page size is 4096 bytes
detected max file descriptor number: 100001
lock engine: pthread robust mutexes
thunder lock: disabled (you can enable it with --thunder-lock)
uwsgi socket 0 inherited INET address 0.0.0.0:88 fd 3
Python version: 2.7.5 (default, Aug  4 2017, 00:39:18)  [GCC 4.8.5 20150623 (Red Hat 4.8.5-16)]
*** Python threads support is disabled. You can enable it with --enable-threads ***
Python main interpreter initialized at 0xbd9ef0
your server socket listen backlog is limited to 100 connections
your mercy for graceful operations on workers is 60 seconds
mapped 145520 bytes (142 KB) for 1 cores
*** Operational MODE: single process ***
/usr/lib/python2.7/site-packages/flask_sqlalchemy/__init__.py:794: FSADeprecationWarning: SQLALCHEMY_TRACK_MODIFICATIONS adds significant overhead and will be disabled by default in the future.  Set it to True or False to suppress this warning.
  'SQLALCHEMY_TRACK_MODIFICATIONS adds significant overhead and '
/usr/lib/python2.7/site-packages/flask_sqlalchemy/__init__.py:794: FSADeprecationWarning: SQLALCHEMY_TRACK_MODIFICATIONS adds significant overhead and will be disabled by default in the future.  Set it to True or False to suppress this warning.
  'SQLALCHEMY_TRACK_MODIFICATIONS adds significant overhead and '
WSGI app 0 (mountpoint='') ready in 0 seconds on interpreter 0xbd9ef0 pid: 4245 (default app)
*** uWSGI is running in multiple interpreter mode ***
gracefully (RE)spawned uWSGI master process (pid: 4245)
spawned uWSGI worker 1 (pid: 1820, cores: 1)
*** Starting uWSGI 2.0.15 (64bit) on [Fri Dec  1 12:45:32 2017] ***
compiled with version: 4.8.5 20150623 (Red Hat 4.8.5-16) on 27 November 2017 21:35:10
os: Linux-3.10.0-514.21.1.el7.x86_64 #1 SMP Thu May 25 17:04:51 UTC 2017
nodename: VM_35_143_centos
machine: x86_64
clock source: unix
pcre jit disabled
detected number of CPU cores: 1
current working directory: /root/projects/NewsCollect
detected binary path: /usr/bin/uwsgi
uWSGI running as root, you can use --uid/--gid/--chroot options
*** WARNING: you are running uWSGI as root !!! (use the --uid flag) *** 
your processes number limit is 3898
your memory page size is 4096 bytes
detected max file descriptor number: 100001
lock engine: pthread robust mutexes
thunder lock: disabled (you can enable it with --thunder-lock)
uwsgi socket 0 bound to TCP address 0.0.0.0:88 fd 3
Python version: 2.7.5 (default, Aug  4 2017, 00:39:18)  [GCC 4.8.5 20150623 (Red Hat 4.8.5-16)]
*** Python threads support is disabled. You can enable it with --enable-threads ***
Python main interpreter initialized at 0x1eb03f0
your server socket listen backlog is limited to 100 connections
your mercy for graceful operations on workers is 60 seconds
mapped 145520 bytes (142 KB) for 1 cores
*** Operational MODE: single process ***
/usr/lib/python2.7/site-packages/flask_sqlalchemy/__init__.py:794: FSADeprecationWarning: SQLALCHEMY_TRACK_MODIFICATIONS adds significant overhead and will be disabled by default in the future.  Set it to True or False to suppress this warning.
  'SQLALCHEMY_TRACK_MODIFICATIONS adds significant overhead and '
/usr/lib/python2.7/site-packages/flask_sqlalchemy/__init__.py:794: FSADeprecationWarning: SQLALCHEMY_TRACK_MODIFICATIONS adds significant overhead and will be disabled by default in the future.  Set it to True or False to suppress this warning.
  'SQLALCHEMY_TRACK_MODIFICATIONS adds significant overhead and '
WSGI app 0 (mountpoint='') ready in 0 seconds on interpreter 0x1eb03f0 pid: 1851 (default app)
*** uWSGI is running in multiple interpreter mode ***
spawned uWSGI master process (pid: 1851)
spawned uWSGI worker 1 (pid: 1856, cores: 1)
[pid: 1856|app: 0|req: 1/1] 183.160.163.192 () {34 vars in 645 bytes} [Fri Dec  1 12:45:41 2017] GET /api/news/hfut => generated 2332 bytes in 63 msecs (HTTP/1.1 200) 2 headers in 73 bytes (2 switches on core 0)
--------------------------------------------------------------------------------
DEBUG in api [./webapp/api_0_8/api.py:28]:
<flask.blueprints.Blueprint object at 0x26f5610>
--------------------------------------------------------------------------------
[pid: 1856|app: 0|req: 2/2] 183.160.163.192 () {30 vars in 552 bytes} [Fri Dec  1 12:45:45 2017] GET /api/unit_list?callback=_jsonp04ad8f97bxfd => generated 1801 bytes in 2 msecs (HTTP/1.1 200) 2 headers in 73 bytes (2 switches on core 0)
--------------------------------------------------------------------------------
DEBUG in api [./webapp/api_0_8/api.py:28]:
<flask.blueprints.Blueprint object at 0x26f5610>
--------------------------------------------------------------------------------
[pid: 1856|app: 0|req: 3/3] 183.160.163.192 () {32 vars in 669 bytes} [Fri Dec  1 12:46:07 2017] GET /api/unit_list?callback=_jsonp04ad8f97bxfd => generated 1801 bytes in 1 msecs (HTTP/1.1 200) 2 headers in 73 bytes (2 switches on core 0)
--------------------------------------------------------------------------------
DEBUG in api [./webapp/api_0_8/api.py:28]:
<flask.blueprints.Blueprint object at 0x26f5610>
--------------------------------------------------------------------------------
[pid: 1856|app: 0|req: 4/4] 183.160.163.192 () {32 vars in 669 bytes} [Fri Dec  1 12:46:13 2017] GET /api/unit_list?callback=_jsonp04ad8f97bxfd => generated 1801 bytes in 1 msecs (HTTP/1.1 200) 2 headers in 73 bytes (2 switches on core 0)
--------------------------------------------------------------------------------
DEBUG in api [./webapp/api_0_8/api.py:28]:
<flask.blueprints.Blueprint object at 0x26f5610>
--------------------------------------------------------------------------------
[pid: 1856|app: 0|req: 5/5] 183.160.163.192 () {30 vars in 550 bytes} [Fri Dec  1 12:46:20 2017] GET /api/unit_list?callback=_jsonpuree85qqtcj => generated 1801 bytes in 1 msecs (HTTP/1.1 200) 2 headers in 73 bytes (2 switches on core 0)
--------------------------------------------------------------------------------
DEBUG in api [./webapp/api_0_8/api.py:28]:
<flask.blueprints.Blueprint object at 0x26f5610>
--------------------------------------------------------------------------------
[pid: 1856|app: 0|req: 6/6] 183.160.163.192 () {30 vars in 550 bytes} [Fri Dec  1 12:46:22 2017] GET /api/unit_list?callback=_jsonpbr976vm1l9m => generated 1801 bytes in 1 msecs (HTTP/1.1 200) 2 headers in 73 bytes (2 switches on core 0)
Fri Dec  1 12:46:47 2017 - *** /root/projects/NewsCollect/ has been touched... grace them all !!! ***
...gracefully killing workers...
Gracefully killing worker 1 (pid: 1856)...
worker 1 buried after 1 seconds
binary reloading uWSGI...
chdir() to /root/projects/NewsCollect
closing all non-uwsgi socket fds > 2 (max_fd = 100001)...
found fd 3 mapped to socket 0 (0.0.0.0:88)
running /usr/bin/uwsgi
[uWSGI] getting INI configuration from uwsgi.ini
*** Starting uWSGI 2.0.15 (64bit) on [Fri Dec  1 12:46:48 2017] ***
compiled with version: 4.8.5 20150623 (Red Hat 4.8.5-16) on 27 November 2017 21:35:10
os: Linux-3.10.0-514.21.1.el7.x86_64 #1 SMP Thu May 25 17:04:51 UTC 2017
nodename: VM_35_143_centos
machine: x86_64
clock source: unix
pcre jit disabled
detected number of CPU cores: 1
current working directory: /root/projects/NewsCollect
detected binary path: /usr/bin/uwsgi
uWSGI running as root, you can use --uid/--gid/--chroot options
*** WARNING: you are running uWSGI as root !!! (use the --uid flag) *** 
your processes number limit is 3898
your memory page size is 4096 bytes
detected max file descriptor number: 100001
lock engine: pthread robust mutexes
thunder lock: disabled (you can enable it with --thunder-lock)
uwsgi socket 0 inherited INET address 0.0.0.0:88 fd 3
Python version: 2.7.5 (default, Aug  4 2017, 00:39:18)  [GCC 4.8.5 20150623 (Red Hat 4.8.5-16)]
*** Python threads support is disabled. You can enable it with --enable-threads ***
Python main interpreter initialized at 0x180aef0
your server socket listen backlog is limited to 100 connections
your mercy for graceful operations on workers is 60 seconds
mapped 145520 bytes (142 KB) for 1 cores
*** Operational MODE: single process ***
/usr/lib/python2.7/site-packages/flask_sqlalchemy/__init__.py:794: FSADeprecationWarning: SQLALCHEMY_TRACK_MODIFICATIONS adds significant overhead and will be disabled by default in the future.  Set it to True or False to suppress this warning.
  'SQLALCHEMY_TRACK_MODIFICATIONS adds significant overhead and '
/usr/lib/python2.7/site-packages/flask_sqlalchemy/__init__.py:794: FSADeprecationWarning: SQLALCHEMY_TRACK_MODIFICATIONS adds significant overhead and will be disabled by default in the future.  Set it to True or False to suppress this warning.
  'SQLALCHEMY_TRACK_MODIFICATIONS adds significant overhead and '
WSGI app 0 (mountpoint='') ready in 1 seconds on interpreter 0x180aef0 pid: 1851 (default app)
*** uWSGI is running in multiple interpreter mode ***
gracefully (RE)spawned uWSGI master process (pid: 1851)
spawned uWSGI worker 1 (pid: 1958, cores: 1)
--------------------------------------------------------------------------------
DEBUG in api [./webapp/api_0_8/api.py:28]:
<flask.blueprints.Blueprint object at 0x204f610>
--------------------------------------------------------------------------------
[pid: 1958|app: 0|req: 1/1] 183.160.163.192 () {30 vars in 548 bytes} [Fri Dec  1 12:48:01 2017] GET /api/unit_list?callback=_jsonpi38jgbt6ah => generated 1801 bytes in 4 msecs (HTTP/1.1 200) 2 headers in 73 bytes (2 switches on core 0)
Fri Dec  1 12:48:05 2017 - *** /root/projects/NewsCollect/ has been touched... grace them all !!! ***
...gracefully killing workers...
Gracefully killing worker 1 (pid: 1958)...
worker 1 buried after 1 seconds
binary reloading uWSGI...
chdir() to /root/projects/NewsCollect
closing all non-uwsgi socket fds > 2 (max_fd = 100001)...
found fd 3 mapped to socket 0 (0.0.0.0:88)
running /usr/bin/uwsgi
[uWSGI] getting INI configuration from uwsgi.ini
*** Starting uWSGI 2.0.15 (64bit) on [Fri Dec  1 12:48:06 2017] ***
compiled with version: 4.8.5 20150623 (Red Hat 4.8.5-16) on 27 November 2017 21:35:10
os: Linux-3.10.0-514.21.1.el7.x86_64 #1 SMP Thu May 25 17:04:51 UTC 2017
nodename: VM_35_143_centos
machine: x86_64
clock source: unix
pcre jit disabled
detected number of CPU cores: 1
current working directory: /root/projects/NewsCollect
detected binary path: /usr/bin/uwsgi
uWSGI running as root, you can use --uid/--gid/--chroot options
*** WARNING: you are running uWSGI as root !!! (use the --uid flag) *** 
your processes number limit is 3898
your memory page size is 4096 bytes
detected max file descriptor number: 100001
lock engine: pthread robust mutexes
thunder lock: disabled (you can enable it with --thunder-lock)
uwsgi socket 0 inherited INET address 0.0.0.0:88 fd 3
Python version: 2.7.5 (default, Aug  4 2017, 00:39:18)  [GCC 4.8.5 20150623 (Red Hat 4.8.5-16)]
*** Python threads support is disabled. You can enable it with --enable-threads ***
Python main interpreter initialized at 0xb33ef0
your server socket listen backlog is limited to 100 connections
your mercy for graceful operations on workers is 60 seconds
mapped 145520 bytes (142 KB) for 1 cores
*** Operational MODE: single process ***
/usr/lib/python2.7/site-packages/flask_sqlalchemy/__init__.py:794: FSADeprecationWarning: SQLALCHEMY_TRACK_MODIFICATIONS adds significant overhead and will be disabled by default in the future.  Set it to True or False to suppress this warning.
  'SQLALCHEMY_TRACK_MODIFICATIONS adds significant overhead and '
/usr/lib/python2.7/site-packages/flask_sqlalchemy/__init__.py:794: FSADeprecationWarning: SQLALCHEMY_TRACK_MODIFICATIONS adds significant overhead and will be disabled by default in the future.  Set it to True or False to suppress this warning.
  'SQLALCHEMY_TRACK_MODIFICATIONS adds significant overhead and '
WSGI app 0 (mountpoint='') ready in 0 seconds on interpreter 0xb33ef0 pid: 1851 (default app)
*** uWSGI is running in multiple interpreter mode ***
gracefully (RE)spawned uWSGI master process (pid: 1851)
spawned uWSGI worker 1 (pid: 2104, cores: 1)
--------------------------------------------------------------------------------
DEBUG in api [./webapp/api_0_8/api.py:28]:
<flask.blueprints.Blueprint object at 0x1378610>
--------------------------------------------------------------------------------
[pid: 2104|app: 0|req: 1/1] 183.160.163.192 () {30 vars in 550 bytes} [Fri Dec  1 12:49:19 2017] GET /api/unit_list?callback=_jsonp7batagx7g8c => generated 1801 bytes in 5 msecs (HTTP/1.1 200) 2 headers in 73 bytes (2 switches on core 0)
--------------------------------------------------------------------------------
DEBUG in api [./webapp/api_0_8/api.py:28]:
<flask.blueprints.Blueprint object at 0x1378610>
--------------------------------------------------------------------------------
[pid: 2104|app: 0|req: 2/2] 183.160.163.192 () {30 vars in 548 bytes} [Fri Dec  1 12:52:00 2017] GET /api/unit_list?callback=_jsonprlhltgnnkr => generated 1801 bytes in 1 msecs (HTTP/1.1 200) 2 headers in 73 bytes (2 switches on core 0)
--------------------------------------------------------------------------------
DEBUG in api [./webapp/api_0_8/api.py:28]:
<flask.blueprints.Blueprint object at 0x1378610>
--------------------------------------------------------------------------------
[pid: 2104|app: 0|req: 3/3] 183.160.163.192 () {30 vars in 550 bytes} [Fri Dec  1 12:52:08 2017] GET /api/unit_list?callback=_jsonpc0sfpnk41zf => generated 1801 bytes in 1 msecs (HTTP/1.1 200) 2 headers in 73 bytes (2 switches on core 0)
--------------------------------------------------------------------------------
DEBUG in api [./webapp/api_0_8/api.py:28]:
<flask.blueprints.Blueprint object at 0x1378610>
--------------------------------------------------------------------------------
[pid: 2104|app: 0|req: 4/4] 183.160.163.192 () {30 vars in 550 bytes} [Fri Dec  1 12:52:31 2017] GET /api/unit_list?callback=_jsonpxoci3ei1exm => generated 1801 bytes in 1 msecs (HTTP/1.1 200) 2 headers in 73 bytes (2 switches on core 0)
--------------------------------------------------------------------------------
DEBUG in api [./webapp/api_0_8/api.py:28]:
<flask.blueprints.Blueprint object at 0x1378610>
--------------------------------------------------------------------------------
[pid: 2104|app: 0|req: 5/5] 183.160.163.192 () {30 vars in 550 bytes} [Fri Dec  1 12:53:38 2017] GET /api/unit_list?callback=_jsonp9w60nufcz4k => generated 1801 bytes in 1 msecs (HTTP/1.1 200) 2 headers in 73 bytes (2 switches on core 0)
--------------------------------------------------------------------------------
DEBUG in api [./webapp/api_0_8/api.py:28]:
<flask.blueprints.Blueprint object at 0x1378610>
--------------------------------------------------------------------------------
[pid: 2104|app: 0|req: 6/6] 183.160.163.192 () {30 vars in 552 bytes} [Fri Dec  1 12:58:54 2017] GET /api/unit_list?_callback=_jsonpcsiyz4h3azb => generated 1801 bytes in 1 msecs (HTTP/1.1 200) 2 headers in 73 bytes (2 switches on core 0)
--------------------------------------------------------------------------------
DEBUG in api [./webapp/api_0_8/api.py:28]:
<flask.blueprints.Blueprint object at 0x1378610>
--------------------------------------------------------------------------------
[pid: 2104|app: 0|req: 7/7] 183.160.163.192 () {30 vars in 550 bytes} [Fri Dec  1 13:02:37 2017] GET /api/unit_list?callback=_jsonpd9krqj727qj => generated 1801 bytes in 1 msecs (HTTP/1.1 200) 2 headers in 73 bytes (2 switches on core 0)
--------------------------------------------------------------------------------
DEBUG in api [./webapp/api_0_8/api.py:28]:
<flask.blueprints.Blueprint object at 0x1378610>
--------------------------------------------------------------------------------
[pid: 2104|app: 0|req: 8/8] 183.160.163.192 () {30 vars in 548 bytes} [Fri Dec  1 13:07:32 2017] GET /api/unit_list?callback=_jsonpqwb562k7pr => generated 1801 bytes in 1 msecs (HTTP/1.1 200) 2 headers in 73 bytes (2 switches on core 0)
--------------------------------------------------------------------------------
DEBUG in api [./webapp/api_0_8/api.py:28]:
<flask.blueprints.Blueprint object at 0x1378610>
--------------------------------------------------------------------------------
[pid: 2104|app: 0|req: 9/9] 183.160.163.192 () {30 vars in 550 bytes} [Fri Dec  1 13:16:15 2017] GET /api/unit_list?callback=_jsonpgvg0f3xwzgw => generated 1801 bytes in 1 msecs (HTTP/1.1 200) 2 headers in 73 bytes (2 switches on core 0)
--------------------------------------------------------------------------------
DEBUG in api [./webapp/api_0_8/api.py:28]:
<flask.blueprints.Blueprint object at 0x1378610>
--------------------------------------------------------------------------------
[pid: 2104|app: 0|req: 10/10] 183.160.163.192 () {30 vars in 550 bytes} [Fri Dec  1 13:18:29 2017] GET /api/unit_list?callback=_jsonpcyuipgqztf8 => generated 1801 bytes in 1 msecs (HTTP/1.1 200) 2 headers in 73 bytes (2 switches on core 0)
--------------------------------------------------------------------------------
DEBUG in api [./webapp/api_0_8/api.py:28]:
<flask.blueprints.Blueprint object at 0x1378610>
--------------------------------------------------------------------------------
[pid: 2104|app: 0|req: 11/11] 183.160.163.192 () {30 vars in 548 bytes} [Fri Dec  1 13:35:36 2017] GET /api/unit_list?callback=_jsonpt9zaml5rvl => generated 1801 bytes in 1 msecs (HTTP/1.1 200) 2 headers in 73 bytes (2 switches on core 0)
[pid: 2104|app: 0|req: 12/12] 115.173.236.127 () {30 vars in 480 bytes} [Fri Dec  1 13:45:23 2017] GET /robots.txt => generated 233 bytes in 11 msecs (HTTP/1.1 404) 2 headers in 72 bytes (1 switches on core 0)
--------------------------------------------------------------------------------
DEBUG in api [./webapp/api_0_8/api.py:28]:
<flask.blueprints.Blueprint object at 0x1378610>
--------------------------------------------------------------------------------
[pid: 2104|app: 0|req: 13/13] 115.173.236.127 () {32 vars in 603 bytes} [Fri Dec  1 13:45:23 2017] GET /api/unit_list => generated 1801 bytes in 1 msecs (HTTP/1.1 200) 2 headers in 73 bytes (2 switches on core 0)
[pid: 2104|app: 0|req: 14/14] 115.173.236.127 () {32 vars in 570 bytes} [Fri Dec  1 13:45:24 2017] GET /favicon.ico => generated 233 bytes in 1 msecs (HTTP/1.1 404) 2 headers in 72 bytes (1 switches on core 0)
--------------------------------------------------------------------------------
DEBUG in api [./webapp/api_0_8/api.py:28]:
<flask.blueprints.Blueprint object at 0x1378610>
--------------------------------------------------------------------------------
[pid: 2104|app: 0|req: 15/15] 115.173.236.127 () {32 vars in 624 bytes} [Fri Dec  1 13:45:43 2017] GET /api/unit_list?callback=2 => generated 1801 bytes in 1 msecs (HTTP/1.1 200) 2 headers in 73 bytes (2 switches on core 0)
--------------------------------------------------------------------------------
DEBUG in api [./webapp/api_0_8/api.py:28]:
<flask.blueprints.Blueprint object at 0x1378610>
--------------------------------------------------------------------------------
[pid: 2104|app: 0|req: 16/16] 115.173.236.127 () {34 vars in 655 bytes} [Fri Dec  1 13:50:58 2017] GET /api/unit_list?callback=2 => generated 1801 bytes in 1 msecs (HTTP/1.1 200) 2 headers in 73 bytes (2 switches on core 0)
Fri Dec  1 14:59:29 2017 - *** /root/projects/NewsCollect/ has been touched... grace them all !!! ***
...gracefully killing workers...
Gracefully killing worker 1 (pid: 2104)...
worker 1 buried after 1 seconds
binary reloading uWSGI...
chdir() to /root/projects/NewsCollect
closing all non-uwsgi socket fds > 2 (max_fd = 100001)...
found fd 3 mapped to socket 0 (0.0.0.0:88)
running /usr/bin/uwsgi
[uWSGI] getting INI configuration from uwsgi.ini
*** Starting uWSGI 2.0.15 (64bit) on [Fri Dec  1 14:59:30 2017] ***
compiled with version: 4.8.5 20150623 (Red Hat 4.8.5-16) on 27 November 2017 21:35:10
os: Linux-3.10.0-514.21.1.el7.x86_64 #1 SMP Thu May 25 17:04:51 UTC 2017
nodename: VM_35_143_centos
machine: x86_64
clock source: unix
pcre jit disabled
detected number of CPU cores: 1
current working directory: /root/projects/NewsCollect
detected binary path: /usr/bin/uwsgi
uWSGI running as root, you can use --uid/--gid/--chroot options
*** WARNING: you are running uWSGI as root !!! (use the --uid flag) *** 
your processes number limit is 3898
your memory page size is 4096 bytes
detected max file descriptor number: 100001
lock engine: pthread robust mutexes
thunder lock: disabled (you can enable it with --thunder-lock)
uwsgi socket 0 inherited INET address 0.0.0.0:88 fd 3
Python version: 2.7.5 (default, Aug  4 2017, 00:39:18)  [GCC 4.8.5 20150623 (Red Hat 4.8.5-16)]
*** Python threads support is disabled. You can enable it with --enable-threads ***
Python main interpreter initialized at 0x26b5ef0
your server socket listen backlog is limited to 100 connections
your mercy for graceful operations on workers is 60 seconds
mapped 145520 bytes (142 KB) for 1 cores
*** Operational MODE: single process ***
/usr/lib/python2.7/site-packages/flask_sqlalchemy/__init__.py:794: FSADeprecationWarning: SQLALCHEMY_TRACK_MODIFICATIONS adds significant overhead and will be disabled by default in the future.  Set it to True or False to suppress this warning.
  'SQLALCHEMY_TRACK_MODIFICATIONS adds significant overhead and '
/usr/lib/python2.7/site-packages/flask_sqlalchemy/__init__.py:794: FSADeprecationWarning: SQLALCHEMY_TRACK_MODIFICATIONS adds significant overhead and will be disabled by default in the future.  Set it to True or False to suppress this warning.
  'SQLALCHEMY_TRACK_MODIFICATIONS adds significant overhead and '
WSGI app 0 (mountpoint='') ready in 1 seconds on interpreter 0x26b5ef0 pid: 1851 (default app)
*** uWSGI is running in multiple interpreter mode ***
gracefully (RE)spawned uWSGI master process (pid: 1851)
spawned uWSGI worker 1 (pid: 12887, cores: 1)
uwsgi_proto_http_parser() -> client closed connection
--------------------------------------------------------------------------------
DEBUG in api [./webapp/api_0_8/api.py:28]:
<flask.blueprints.Blueprint object at 0x2efa610>
--------------------------------------------------------------------------------
[pid: 12887|app: 0|req: 1/1] 183.160.160.203 () {30 vars in 550 bytes} [Fri Dec  1 19:19:18 2017] GET /api/unit_list?callback=_jsonp9daibzkz8os => generated 1801 bytes in 5 msecs (HTTP/1.1 200) 2 headers in 73 bytes (2 switches on core 0)
Fri Dec  1 19:31:42 2017 - *** /root/projects/NewsCollect/ has been touched... grace them all !!! ***
...gracefully killing workers...
Gracefully killing worker 1 (pid: 12887)...
worker 1 buried after 1 seconds
binary reloading uWSGI...
chdir() to /root/projects/NewsCollect
closing all non-uwsgi socket fds > 2 (max_fd = 100001)...
found fd 3 mapped to socket 0 (0.0.0.0:88)
running /usr/bin/uwsgi
[uWSGI] getting INI configuration from uwsgi.ini
*** Starting uWSGI 2.0.15 (64bit) on [Fri Dec  1 19:31:43 2017] ***
compiled with version: 4.8.5 20150623 (Red Hat 4.8.5-16) on 27 November 2017 21:35:10
os: Linux-3.10.0-514.21.1.el7.x86_64 #1 SMP Thu May 25 17:04:51 UTC 2017
nodename: VM_35_143_centos
machine: x86_64
clock source: unix
pcre jit disabled
detected number of CPU cores: 1
current working directory: /root/projects/NewsCollect
detected binary path: /usr/bin/uwsgi
uWSGI running as root, you can use --uid/--gid/--chroot options
*** WARNING: you are running uWSGI as root !!! (use the --uid flag) *** 
your processes number limit is 3898
your memory page size is 4096 bytes
detected max file descriptor number: 100001
lock engine: pthread robust mutexes
thunder lock: disabled (you can enable it with --thunder-lock)
uwsgi socket 0 inherited INET address 0.0.0.0:88 fd 3
Python version: 2.7.5 (default, Aug  4 2017, 00:39:18)  [GCC 4.8.5 20150623 (Red Hat 4.8.5-16)]
*** Python threads support is disabled. You can enable it with --enable-threads ***
Python main interpreter initialized at 0x1feaef0
your server socket listen backlog is limited to 100 connections
your mercy for graceful operations on workers is 60 seconds
mapped 145520 bytes (142 KB) for 1 cores
*** Operational MODE: single process ***
Traceback (most recent call last):
  File "/root/projects/NewsCollect/manager.py", line 3, in <module>
    from webapp import app
  File "./webapp/__init__.py", line 2, in <module>
    from flask_json import FlaskJSON
ImportError: No module named flask_json
unable to load app 0 (mountpoint='') (callable not found or import error)
*** no app loaded. going in full dynamic mode ***
*** uWSGI is running in multiple interpreter mode ***
gracefully (RE)spawned uWSGI master process (pid: 1851)
spawned uWSGI worker 1 (pid: 2557, cores: 1)
*** Starting uWSGI 2.0.15 (64bit) on [Fri Dec  1 19:32:10 2017] ***
compiled with version: 4.8.5 20150623 (Red Hat 4.8.5-16) on 27 November 2017 21:35:10
os: Linux-3.10.0-514.21.1.el7.x86_64 #1 SMP Thu May 25 17:04:51 UTC 2017
nodename: VM_35_143_centos
machine: x86_64
clock source: unix
pcre jit disabled
detected number of CPU cores: 1
current working directory: /root/projects/NewsCollect
detected binary path: /usr/bin/uwsgi
uWSGI running as root, you can use --uid/--gid/--chroot options
*** WARNING: you are running uWSGI as root !!! (use the --uid flag) *** 
your processes number limit is 3898
your memory page size is 4096 bytes
detected max file descriptor number: 100001
lock engine: pthread robust mutexes
thunder lock: disabled (you can enable it with --thunder-lock)
uwsgi socket 0 bound to TCP address 0.0.0.0:88 fd 3
Python version: 2.7.5 (default, Aug  4 2017, 00:39:18)  [GCC 4.8.5 20150623 (Red Hat 4.8.5-16)]
*** Python threads support is disabled. You can enable it with --enable-threads ***
Python main interpreter initialized at 0x11943f0
your server socket listen backlog is limited to 100 connections
your mercy for graceful operations on workers is 60 seconds
mapped 145520 bytes (142 KB) for 1 cores
*** Operational MODE: single process ***
Traceback (most recent call last):
  File "/root/projects/NewsCollect/manager.py", line 3, in <module>
    from webapp import app
  File "./webapp/__init__.py", line 2, in <module>
    from flask_json import FlaskJSON
ImportError: No module named flask_json
unable to load app 0 (mountpoint='') (callable not found or import error)
*** no app loaded. going in full dynamic mode ***
*** uWSGI is running in multiple interpreter mode ***
spawned uWSGI master process (pid: 2628)
spawned uWSGI worker 1 (pid: 2633, cores: 1)
--- no python application found, check your startup logs for errors ---
[pid: 2633|app: -1|req: -1/1] 183.160.160.203 () {34 vars in 645 bytes} [Fri Dec  1 19:32:16 2017] GET /api/news/hfut => generated 21 bytes in 0 msecs (HTTP/1.1 500) 2 headers in 83 bytes (0 switches on core 0)
--- no python application found, check your startup logs for errors ---
[pid: 2633|app: -1|req: -1/2] 183.160.160.203 () {30 vars in 550 bytes} [Fri Dec  1 19:32:38 2017] GET /api/unit_list?callback=_jsonpbnhm05xz8za => generated 21 bytes in 0 msecs (HTTP/1.1 500) 2 headers in 83 bytes (0 switches on core 0)
--- no python application found, check your startup logs for errors ---
[pid: 2633|app: -1|req: -1/3] 183.160.160.203 () {32 vars in 667 bytes} [Fri Dec  1 19:33:12 2017] GET /api/unit_list?callback=_jsonpbnhm05xz8za => generated 21 bytes in 0 msecs (HTTP/1.1 500) 2 headers in 83 bytes (0 switches on core 0)
--- no python application found, check your startup logs for errors ---
[pid: 2633|app: -1|req: -1/4] 183.160.160.203 () {32 vars in 669 bytes} [Fri Dec  1 19:33:20 2017] GET /api/unit_list?_callback=_jsonpbnhm05xz8za => generated 21 bytes in 0 msecs (HTTP/1.1 500) 2 headers in 83 bytes (0 switches on core 0)
*** Starting uWSGI 2.0.15 (64bit) on [Fri Dec  1 19:37:37 2017] ***
compiled with version: 4.8.5 20150623 (Red Hat 4.8.5-16) on 27 November 2017 21:35:10
os: Linux-3.10.0-514.21.1.el7.x86_64 #1 SMP Thu May 25 17:04:51 UTC 2017
nodename: VM_35_143_centos
machine: x86_64
clock source: unix
pcre jit disabled
detected number of CPU cores: 1
current working directory: /root/projects/NewsCollect
detected binary path: /usr/bin/uwsgi
uWSGI running as root, you can use --uid/--gid/--chroot options
*** WARNING: you are running uWSGI as root !!! (use the --uid flag) *** 
your processes number limit is 3898
your memory page size is 4096 bytes
detected max file descriptor number: 100001
lock engine: pthread robust mutexes
thunder lock: disabled (you can enable it with --thunder-lock)
uwsgi socket 0 bound to TCP address 0.0.0.0:88 fd 3
Python version: 2.7.5 (default, Aug  4 2017, 00:39:18)  [GCC 4.8.5 20150623 (Red Hat 4.8.5-16)]
*** Python threads support is disabled. You can enable it with --enable-threads ***
Python main interpreter initialized at 0x193d3f0
your server socket listen backlog is limited to 100 connections
your mercy for graceful operations on workers is 60 seconds
mapped 145520 bytes (142 KB) for 1 cores
*** Operational MODE: single process ***
Traceback (most recent call last):
  File "/root/projects/NewsCollect/manager.py", line 3, in <module>
    from webapp import app
  File "./webapp/__init__.py", line 2, in <module>
    from flask_json import FlaskJSON
ImportError: No module named flask_json
unable to load app 0 (mountpoint='') (callable not found or import error)
*** no app loaded. going in full dynamic mode ***
*** uWSGI is running in multiple interpreter mode ***
spawned uWSGI master process (pid: 3121)
spawned uWSGI worker 1 (pid: 3126, cores: 1)
--- no python application found, check your startup logs for errors ---
[pid: 3126|app: -1|req: -1/1] 183.160.160.203 () {30 vars in 550 bytes} [Fri Dec  1 19:37:46 2017] GET /api/unit_list?callback=_jsonp3rx6dh6h4wy => generated 21 bytes in 0 msecs (HTTP/1.1 500) 2 headers in 83 bytes (0 switches on core 0)
--- no python application found, check your startup logs for errors ---
[pid: 3126|app: -1|req: -1/2] 183.160.160.203 () {30 vars in 550 bytes} [Fri Dec  1 23:27:08 2017] GET /api/unit_list?callback=_jsonp703yph4dei8 => generated 21 bytes in 0 msecs (HTTP/1.1 500) 2 headers in 83 bytes (0 switches on core 0)
uwsgi_proto_http_parser() -> client closed connection
uwsgi_proto_http_parser() -> client closed connection
uwsgi_proto_http_parser() -> client closed connection
Sat Dec  2 21:59:22 2017 - *** /root/projects/NewsCollect/ has been touched... grace them all !!! ***
...gracefully killing workers...
Gracefully killing worker 1 (pid: 3126)...
worker 1 buried after 1 seconds
binary reloading uWSGI...
chdir() to /root/projects/NewsCollect
closing all non-uwsgi socket fds > 2 (max_fd = 100001)...
found fd 3 mapped to socket 0 (0.0.0.0:88)
running /usr/bin/uwsgi
[uWSGI] getting INI configuration from uwsgi.ini
*** Starting uWSGI 2.0.15 (64bit) on [Sat Dec  2 21:59:23 2017] ***
compiled with version: 4.8.5 20150623 (Red Hat 4.8.5-16) on 27 November 2017 21:35:10
os: Linux-3.10.0-514.21.1.el7.x86_64 #1 SMP Thu May 25 17:04:51 UTC 2017
nodename: VM_35_143_centos
machine: x86_64
clock source: unix
pcre jit disabled
detected number of CPU cores: 1
current working directory: /root/projects/NewsCollect
detected binary path: /usr/bin/uwsgi
uWSGI running as root, you can use --uid/--gid/--chroot options
*** WARNING: you are running uWSGI as root !!! (use the --uid flag) *** 
your processes number limit is 3898
your memory page size is 4096 bytes
detected max file descriptor number: 100001
lock engine: pthread robust mutexes
thunder lock: disabled (you can enable it with --thunder-lock)
uwsgi socket 0 inherited INET address 0.0.0.0:88 fd 3
Python version: 2.7.5 (default, Aug  4 2017, 00:39:18)  [GCC 4.8.5 20150623 (Red Hat 4.8.5-16)]
*** Python threads support is disabled. You can enable it with --enable-threads ***
Python main interpreter initialized at 0x23b4ef0
your server socket listen backlog is limited to 100 connections
your mercy for graceful operations on workers is 60 seconds
mapped 145520 bytes (142 KB) for 1 cores
*** Operational MODE: single process ***
Traceback (most recent call last):
  File "/root/projects/NewsCollect/manager.py", line 3, in <module>
    from webapp import app
  File "./webapp/__init__.py", line 5, in <module>
    from .api_0_8 import api_0_8
  File "./webapp/api_0_8/__init__.py", line 6, in <module>
    import api
  File "./webapp/api_0_8/api.py", line 5, in <module>
    from ..models import News
  File "./webapp/models.py", line 2, in <module>
    from manager import db
  File "./manager.py", line 5, in <module>
    from flask_bootstrap import Bootstrap
ImportError: No module named flask_bootstrap
unable to load app 0 (mountpoint='') (callable not found or import error)
*** no app loaded. going in full dynamic mode ***
*** uWSGI is running in multiple interpreter mode ***
gracefully (RE)spawned uWSGI master process (pid: 3121)
spawned uWSGI worker 1 (pid: 31194, cores: 1)
*** Starting uWSGI 2.0.15 (64bit) on [Sat Dec  2 22:00:01 2017] ***
compiled with version: 4.8.5 20150623 (Red Hat 4.8.5-16) on 27 November 2017 21:35:10
os: Linux-3.10.0-514.21.1.el7.x86_64 #1 SMP Thu May 25 17:04:51 UTC 2017
nodename: VM_35_143_centos
machine: x86_64
clock source: unix
pcre jit disabled
detected number of CPU cores: 1
current working directory: /root/projects/NewsCollect
detected binary path: /usr/bin/uwsgi
uWSGI running as root, you can use --uid/--gid/--chroot options
*** WARNING: you are running uWSGI as root !!! (use the --uid flag) *** 
your processes number limit is 3898
your memory page size is 4096 bytes
detected max file descriptor number: 100001
lock engine: pthread robust mutexes
thunder lock: disabled (you can enable it with --thunder-lock)
uwsgi socket 0 bound to TCP address 0.0.0.0:88 fd 3
Python version: 2.7.5 (default, Aug  4 2017, 00:39:18)  [GCC 4.8.5 20150623 (Red Hat 4.8.5-16)]
*** Python threads support is disabled. You can enable it with --enable-threads ***
Python main interpreter initialized at 0x19373f0
your server socket listen backlog is limited to 100 connections
your mercy for graceful operations on workers is 60 seconds
mapped 145520 bytes (142 KB) for 1 cores
*** Operational MODE: single process ***
Traceback (most recent call last):
  File "/root/projects/NewsCollect/manager.py", line 3, in <module>
    from webapp import app
  File "./webapp/__init__.py", line 5, in <module>
    from .api_0_8 import api_0_8
  File "./webapp/api_0_8/__init__.py", line 6, in <module>
    import api
  File "./webapp/api_0_8/api.py", line 5, in <module>
    from ..models import News
  File "./webapp/models.py", line 2, in <module>
    from manager import db
  File "./manager.py", line 5, in <module>
    from flask_bootstrap import Bootstrap
ImportError: No module named flask_bootstrap
unable to load app 0 (mountpoint='') (callable not found or import error)
*** no app loaded. going in full dynamic mode ***
*** uWSGI is running in multiple interpreter mode ***
spawned uWSGI master process (pid: 31225)
spawned uWSGI worker 1 (pid: 31284, cores: 1)
uwsgi_proto_http_parser() -> client closed connection
--- no python application found, check your startup logs for errors ---
[pid: 31284|app: -1|req: -1/1] 183.160.163.38 () {32 vars in 609 bytes} [Sat Dec  2 22:00:26 2017] GET /detail/hfut => generated 21 bytes in 0 msecs (HTTP/1.1 500) 2 headers in 83 bytes (0 switches on core 0)
--- no python application found, check your startup logs for errors ---
[pid: 31284|app: -1|req: -1/2] 183.160.163.38 () {32 vars in 578 bytes} [Sat Dec  2 22:00:26 2017] GET /favicon.ico => generated 21 bytes in 0 msecs (HTTP/1.1 500) 2 headers in 83 bytes (0 switches on core 0)
Sat Dec  2 22:03:39 2017 - *** /root/projects/NewsCollect/ has been touched... grace them all !!! ***
...gracefully killing workers...
Gracefully killing worker 1 (pid: 31284)...
worker 1 buried after 1 seconds
binary reloading uWSGI...
chdir() to /root/projects/NewsCollect
closing all non-uwsgi socket fds > 2 (max_fd = 100001)...
found fd 3 mapped to socket 0 (0.0.0.0:88)
running /usr/bin/uwsgi
[uWSGI] getting INI configuration from uwsgi.ini
*** Starting uWSGI 2.0.15 (64bit) on [Sat Dec  2 22:03:40 2017] ***
compiled with version: 4.8.5 20150623 (Red Hat 4.8.5-16) on 27 November 2017 21:35:10
os: Linux-3.10.0-514.21.1.el7.x86_64 #1 SMP Thu May 25 17:04:51 UTC 2017
nodename: VM_35_143_centos
machine: x86_64
clock source: unix
pcre jit disabled
detected number of CPU cores: 1
current working directory: /root/projects/NewsCollect
detected binary path: /usr/bin/uwsgi
uWSGI running as root, you can use --uid/--gid/--chroot options
*** WARNING: you are running uWSGI as root !!! (use the --uid flag) *** 
your processes number limit is 3898
your memory page size is 4096 bytes
detected max file descriptor number: 100001
lock engine: pthread robust mutexes
thunder lock: disabled (you can enable it with --thunder-lock)
uwsgi socket 0 inherited INET address 0.0.0.0:88 fd 3
Python version: 2.7.5 (default, Aug  4 2017, 00:39:18)  [GCC 4.8.5 20150623 (Red Hat 4.8.5-16)]
*** Python threads support is disabled. You can enable it with --enable-threads ***
Python main interpreter initialized at 0x218eef0
your server socket listen backlog is limited to 100 connections
your mercy for graceful operations on workers is 60 seconds
mapped 145520 bytes (142 KB) for 1 cores
*** Operational MODE: single process ***
Traceback (most recent call last):
  File "/root/projects/NewsCollect/manager.py", line 3, in <module>
    from webapp import app
  File "./webapp/__init__.py", line 5, in <module>
    from .api_0_8 import api_0_8
  File "./webapp/api_0_8/__init__.py", line 6, in <module>
    import api
  File "./webapp/api_0_8/api.py", line 5, in <module>
    from ..models import News
  File "./webapp/models.py", line 2, in <module>
    from manager import db
  File "./manager.py", line 5, in <module>
    from flask_bootstrap import Bootstrap
ImportError: No module named flask_bootstrap
unable to load app 0 (mountpoint='') (callable not found or import error)
*** no app loaded. going in full dynamic mode ***
*** uWSGI is running in multiple interpreter mode ***
gracefully (RE)spawned uWSGI master process (pid: 31225)
spawned uWSGI worker 1 (pid: 31629, cores: 1)
Sat Dec  2 22:05:25 2017 - *** /root/projects/NewsCollect/ has been touched... grace them all !!! ***
...gracefully killing workers...
Gracefully killing worker 1 (pid: 31629)...
worker 1 buried after 1 seconds
binary reloading uWSGI...
chdir() to /root/projects/NewsCollect
closing all non-uwsgi socket fds > 2 (max_fd = 100001)...
found fd 3 mapped to socket 0 (0.0.0.0:88)
running /usr/bin/uwsgi
[uWSGI] getting INI configuration from uwsgi.ini
*** Starting uWSGI 2.0.15 (64bit) on [Sat Dec  2 22:05:26 2017] ***
compiled with version: 4.8.5 20150623 (Red Hat 4.8.5-16) on 27 November 2017 21:35:10
os: Linux-3.10.0-514.21.1.el7.x86_64 #1 SMP Thu May 25 17:04:51 UTC 2017
nodename: VM_35_143_centos
machine: x86_64
clock source: unix
pcre jit disabled
detected number of CPU cores: 1
current working directory: /root/projects/NewsCollect
detected binary path: /usr/bin/uwsgi
uWSGI running as root, you can use --uid/--gid/--chroot options
*** WARNING: you are running uWSGI as root !!! (use the --uid flag) *** 
your processes number limit is 3898
your memory page size is 4096 bytes
detected max file descriptor number: 100001
lock engine: pthread robust mutexes
thunder lock: disabled (you can enable it with --thunder-lock)
uwsgi socket 0 inherited INET address 0.0.0.0:88 fd 3
Python version: 2.7.5 (default, Aug  4 2017, 00:39:18)  [GCC 4.8.5 20150623 (Red Hat 4.8.5-16)]
*** Python threads support is disabled. You can enable it with --enable-threads ***
Python main interpreter initialized at 0x1fa2ef0
your server socket listen backlog is limited to 100 connections
your mercy for graceful operations on workers is 60 seconds
mapped 145520 bytes (142 KB) for 1 cores
*** Operational MODE: single process ***
Traceback (most recent call last):
  File "/root/projects/NewsCollect/manager.py", line 3, in <module>
    from webapp import app
  File "./webapp/__init__.py", line 5, in <module>
    from .api_0_8 import api_0_8
  File "./webapp/api_0_8/__init__.py", line 6, in <module>
    import api
  File "./webapp/api_0_8/api.py", line 5, in <module>
    from ..models import News
  File "./webapp/models.py", line 2, in <module>
    from manager import db
  File "./manager.py", line 5, in <module>
    from flask_bootstrap import Bootstrap
ImportError: No module named flask_bootstrap
unable to load app 0 (mountpoint='') (callable not found or import error)
*** no app loaded. going in full dynamic mode ***
*** uWSGI is running in multiple interpreter mode ***
gracefully (RE)spawned uWSGI master process (pid: 31225)
spawned uWSGI worker 1 (pid: 31769, cores: 1)
Sat Dec  2 22:05:28 2017 - *** /root/projects/NewsCollect/ has been touched... grace them all !!! ***
...gracefully killing workers...
Gracefully killing worker 1 (pid: 31769)...
worker 1 buried after 1 seconds
binary reloading uWSGI...
chdir() to /root/projects/NewsCollect
closing all non-uwsgi socket fds > 2 (max_fd = 100001)...
found fd 3 mapped to socket 0 (0.0.0.0:88)
running /usr/bin/uwsgi
[uWSGI] getting INI configuration from uwsgi.ini
*** Starting uWSGI 2.0.15 (64bit) on [Sat Dec  2 22:05:29 2017] ***
compiled with version: 4.8.5 20150623 (Red Hat 4.8.5-16) on 27 November 2017 21:35:10
os: Linux-3.10.0-514.21.1.el7.x86_64 #1 SMP Thu May 25 17:04:51 UTC 2017
nodename: VM_35_143_centos
machine: x86_64
clock source: unix
pcre jit disabled
detected number of CPU cores: 1
current working directory: /root/projects/NewsCollect
detected binary path: /usr/bin/uwsgi
uWSGI running as root, you can use --uid/--gid/--chroot options
*** WARNING: you are running uWSGI as root !!! (use the --uid flag) *** 
your processes number limit is 3898
your memory page size is 4096 bytes
detected max file descriptor number: 100001
lock engine: pthread robust mutexes
thunder lock: disabled (you can enable it with --thunder-lock)
uwsgi socket 0 inherited INET address 0.0.0.0:88 fd 3
Python version: 2.7.5 (default, Aug  4 2017, 00:39:18)  [GCC 4.8.5 20150623 (Red Hat 4.8.5-16)]
*** Python threads support is disabled. You can enable it with --enable-threads ***
Python main interpreter initialized at 0x1230ef0
your server socket listen backlog is limited to 100 connections
your mercy for graceful operations on workers is 60 seconds
mapped 145520 bytes (142 KB) for 1 cores
*** Operational MODE: single process ***
Traceback (most recent call last):
  File "/root/projects/NewsCollect/manager.py", line 3, in <module>
    from webapp import app
  File "./webapp/__init__.py", line 5, in <module>
    from .api_0_8 import api_0_8
  File "./webapp/api_0_8/__init__.py", line 6, in <module>
    import api
  File "./webapp/api_0_8/api.py", line 5, in <module>
    from ..models import News
  File "./webapp/models.py", line 2, in <module>
    from manager import db
  File "./manager.py", line 5, in <module>
    from flask_bootstrap import Bootstrap
ImportError: No module named flask_bootstrap
unable to load app 0 (mountpoint='') (callable not found or import error)
*** no app loaded. going in full dynamic mode ***
*** uWSGI is running in multiple interpreter mode ***
gracefully (RE)spawned uWSGI master process (pid: 31225)
spawned uWSGI worker 1 (pid: 31783, cores: 1)
Sat Dec  2 22:05:41 2017 - *** /root/projects/NewsCollect/ has been touched... grace them all !!! ***
...gracefully killing workers...
Gracefully killing worker 1 (pid: 31783)...
worker 1 buried after 1 seconds
binary reloading uWSGI...
chdir() to /root/projects/NewsCollect
closing all non-uwsgi socket fds > 2 (max_fd = 100001)...
found fd 3 mapped to socket 0 (0.0.0.0:88)
running /usr/bin/uwsgi
[uWSGI] getting INI configuration from uwsgi.ini
*** Starting uWSGI 2.0.15 (64bit) on [Sat Dec  2 22:05:42 2017] ***
compiled with version: 4.8.5 20150623 (Red Hat 4.8.5-16) on 27 November 2017 21:35:10
os: Linux-3.10.0-514.21.1.el7.x86_64 #1 SMP Thu May 25 17:04:51 UTC 2017
nodename: VM_35_143_centos
machine: x86_64
clock source: unix
pcre jit disabled
detected number of CPU cores: 1
current working directory: /root/projects/NewsCollect
detected binary path: /usr/bin/uwsgi
uWSGI running as root, you can use --uid/--gid/--chroot options
*** WARNING: you are running uWSGI as root !!! (use the --uid flag) *** 
your processes number limit is 3898
your memory page size is 4096 bytes
detected max file descriptor number: 100001
lock engine: pthread robust mutexes
thunder lock: disabled (you can enable it with --thunder-lock)
uwsgi socket 0 inherited INET address 0.0.0.0:88 fd 3
Python version: 2.7.5 (default, Aug  4 2017, 00:39:18)  [GCC 4.8.5 20150623 (Red Hat 4.8.5-16)]
*** Python threads support is disabled. You can enable it with --enable-threads ***
Python main interpreter initialized at 0x1425eb0
your server socket listen backlog is limited to 100 connections
your mercy for graceful operations on workers is 60 seconds
mapped 145520 bytes (142 KB) for 1 cores
*** Operational MODE: single process ***
Traceback (most recent call last):
  File "/root/projects/NewsCollect/manager.py", line 3, in <module>
    from webapp import app
  File "./webapp/__init__.py", line 5, in <module>
    from .api_0_8 import api_0_8
  File "./webapp/api_0_8/__init__.py", line 6, in <module>
    import api
  File "./webapp/api_0_8/api.py", line 5, in <module>
    from ..models import News
  File "./webapp/models.py", line 2, in <module>
    from manager import db
  File "./manager.py", line 5, in <module>
    from flask_bootstrap import Bootstrap
ImportError: No module named flask_bootstrap
unable to load app 0 (mountpoint='') (callable not found or import error)
*** no app loaded. going in full dynamic mode ***
*** uWSGI is running in multiple interpreter mode ***
gracefully (RE)spawned uWSGI master process (pid: 31225)
spawned uWSGI worker 1 (pid: 31808, cores: 1)
